---
source: crates/cli/tests/cli.rs
expression: text
---
Verwaltet Notion-Quellen und ruft ihre Daten ab. Dieselbe Fachlogik und dieselbe Datenbank benutzt die Oberfläche `vizu-notion-desktop`.

Usage: vizu-notion [OPTIONS] <COMMAND>

Commands:
  source       Quellen verwalten: welche Notion-Datenbank unter welchem Namen
  fetch        Daten von Notion abrufen und zwischenspeichern
  flow         Den Fluss einer Quelle zeichnen — ohne Vorlage
  metro        Die Metro-Karte einer Quelle zeichnen — ohne Vorlage
  template     Mermaid-Vorlagen verwalten
  render       Eine Vorlage zeichnen und den Mermaid-Text ausgeben
  view         Gespeicherte Ansichten: ein Diagramm samt Einstellungen
  token        Den Notion-Token speichern, prüfen oder löschen
  config       Einstellungen anzeigen und ändern
  paths        Zeigt, wo die Anwendung ihre Dateien ablegt
  completions  Vervollständigung für die Shell ausgeben
  man          Handbuchseiten nach VERZEICHNIS schreiben
  help         Print this message or the help of the given subcommand(s)

Options:
      --json
          Ausgabe als JSON statt für Menschen.
          
          Gilt auch für Fehler: dann steht auf stderr ein JSON-Objekt mit `error.code`, `error.message` und gegebenenfalls `error.fields`.

  -v, --verbose...
          Mehr Protokoll auf stderr. Zweimal für noch mehr

      --data-dir <VERZEICHNIS>
          Datenverzeichnis überschreiben (sonst der Ort der Plattform)
          
          [env: VIZU_NOTION_DATA_DIR=]

      --config-dir <VERZEICHNIS>
          Konfigurationsverzeichnis überschreiben
          
          [env: VIZU_NOTION_CONFIG_DIR=]

  -h, --help
          Print help (see a summary with '-h')

  -V, --version
          Print version
