---
source: crates/cli/tests/cli.rs
expression: text
---
[
  {
    "source": {
      "id": "[uuid]",
      "name": "Aufgaben",
      "database_id": "[uuid]",
      "mappings": [
        {
          "role": "title",
          "property": "Name"
        }
      ],
      "created_at": "[zeit]",
      "updated_at": "[zeit]"
    },
    "fetch": null,
    "views": [],
    "template_ready": true
  },
  {
    "source": {
      "id": "[uuid]",
      "name": "Projekte",
      "database_id": "[uuid]",
      "mappings": [
        {
          "role": "next",
          "property": "Nächstes"
        },
        {
          "role": "title",
          "property": "Name"
        }
      ],
      "created_at": "[zeit]",
      "updated_at": "[zeit]"
    },
    "fetch": null,
    "views": [
      "flow"
    ],
    "template_ready": true
  }
]
