---
source: crates/cli/tests/cli.rs
expression: text
---
{
  "error": {
    "code": "validation_failed",
    "fields": [
      {
        "field": "name",
        "message": "darf nicht leer sein"
      },
      {
        "field": "database_id",
        "message": "keine Notion-Kennung — die 32 Zeichen aus der Adresse der Datenbank einfügen"
      }
    ],
    "message": "name: darf nicht leer sein; database_id: keine Notion-Kennung — die 32 Zeichen aus der Adresse der Datenbank einfügen"
  }
}
